12:        content="Conoce Luxe MOD Watches: tu tienda de relojes de lujo. Clientes satisfechos, env�os r�pidos y calidad premium garantizada. Descubre nuestra historia!">
13:    <meta name="keywords" content="luxe mod watches, tienda relojes lujo, qui�nes somos, relojes premium confianza">
22:        content="Conoce Luxe MOD Watches: clientes satisfechos, env�os r�pidos, calidad premium garantizada. Tu tienda de relojes de lujo.">
59:        "priceRange": "���",
417:            <h1>Qui�nes Somos</h1>
419:                En <strong>Luxe MOD Watches</strong> nos apasiona conectar a los verdaderos amantes de la alta relojer�a
421:                exclusivas de las mejores marcas. Nos especializamos en ofrecer relojes de lujo con dise�o sofisticado
422:                y precisi�n excepcional al mejor precio.
426:                relojer�a de lujo. Nuestro
427:                compromiso es la autenticidad, la calidad premium y una atenci�n al cliente excepcional.
441:                <span class="stat-label">Env�os Realizados</span>
446:                <span class="stat-label">Valoraci�n Media</span>
451:                <span class="stat-label">A�os de Experiencia</span>
